
===========================================================================
 report_power
============================================================================
======================= Fastest Corner ===================================

Group                  Internal  Switching    Leakage      Total
                          Power      Power      Power      Power (Watts)
----------------------------------------------------------------
Sequential             8.53e-03   1.43e-03   2.12e-07   9.96e-03  21.6%
Combinational          9.01e-03   1.67e-02   1.80e-07   2.57e-02  55.7%
Clock                  5.31e-03   5.17e-03   7.46e-08   1.05e-02  22.7%
Macro                  0.00e+00   0.00e+00   0.00e+00   0.00e+00   0.0%
Pad                    0.00e+00   0.00e+00   0.00e+00   0.00e+00   0.0%
----------------------------------------------------------------
Total                  2.28e-02   2.33e-02   4.66e-07   4.61e-02 100.0%
                          49.5%      50.5%       0.0%

======================= Slowest Corner ===================================

Group                  Internal  Switching    Leakage      Total
                          Power      Power      Power      Power (Watts)
----------------------------------------------------------------
Sequential             5.78e-03   9.34e-04   5.10e-05   6.76e-03  21.4%
Combinational          6.47e-03   1.11e-02   1.00e-04   1.76e-02  55.8%
Clock                  3.82e-03   3.38e-03   1.77e-05   7.22e-03  22.8%
Macro                  0.00e+00   0.00e+00   0.00e+00   0.00e+00   0.0%
Pad                    0.00e+00   0.00e+00   0.00e+00   0.00e+00   0.0%
----------------------------------------------------------------
Total                  1.61e-02   1.54e-02   1.69e-04   3.16e-02 100.0%
                          50.8%      48.7%       0.5%

======================= Typical Corner ===================================

Group                  Internal  Switching    Leakage      Total
                          Power      Power      Power      Power (Watts)
----------------------------------------------------------------
Sequential             7.38e-03   1.20e-03   1.88e-07   8.58e-03  21.6%
Combinational          8.06e-03   1.41e-02   7.95e-08   2.22e-02  55.7%
Clock                  4.66e-03   4.37e-03   3.98e-08   9.02e-03  22.7%
Macro                  0.00e+00   0.00e+00   0.00e+00   0.00e+00   0.0%
Pad                    0.00e+00   0.00e+00   0.00e+00   0.00e+00   0.0%
----------------------------------------------------------------
Total                  2.01e-02   1.97e-02   3.07e-07   3.98e-02 100.0%
                          50.5%      49.5%       0.0%

