Partial/Required:  7.95, Required:    400.0, Partial:  3181.71, Net: _13241_, Pin: _15610_/A1, Layer: met3
Partial/Required:  5.52, Required:    400.0, Partial:  2209.52, Net: _08724_, Pin: _21473_/A2_N, Layer: met4
Partial/Required:  5.45, Required:    400.0, Partial:  2180.44, Net: _13238_, Pin: _14672_/A1, Layer: met3
Partial/Required:  4.71, Required:    400.0, Partial:  1883.05, Net: _08724_, Pin: _21473_/A2_N, Layer: met3
Partial/Required:  4.42, Required:    400.0, Partial:  1769.78, Net: _08919_, Pin: _21673_/B, Layer: met3
Partial/Required:  3.26, Required:    400.0, Partial:  1303.62, Net: _07824_, Pin: _21094_/S, Layer: met3
Partial/Required:  2.93, Required:    400.0, Partial:  1172.32, Net: _07028_, Pin: _27175_/A, Layer: met3
Partial/Required:  2.91, Required:    400.0, Partial:  1165.12, Net: _06851_, Pin: _19997_/C1, Layer: met3
Partial/Required:  2.89, Required:    400.0, Partial:  1157.69, Net: _06752_, Pin: _20026_/A1, Layer: met3
Partial/Required:  2.85, Required:    400.0, Partial:  1139.52, Net: _06703_, Pin: _19735_/A2, Layer: met3
Partial/Required:  2.78, Required:    400.0, Partial:  1111.73, Net: _06917_, Pin: _19622_/B, Layer: met3
Partial/Required:  2.73, Required:    400.0, Partial:  1092.95, Net: _13219_, Pin: _17306_/A1, Layer: met3
Partial/Required:  2.65, Required:    400.0, Partial:  1060.28, Net: _06659_, Pin: _19723_/B, Layer: met2
Partial/Required:  2.61, Required:    400.0, Partial:  1044.44, Net: rvcpu.dp.plde.ImmExtE\[2\], Pin: _19035_/A1, Layer: met3
Partial/Required:  2.61, Required:    400.0, Partial:  1042.62, Net: _06777_, Pin: _19816_/C1, Layer: met3
Partial/Required:  2.47, Required:    400.0, Partial:   986.96, Net: _07031_, Pin: _20289_/C1, Layer: met3
Partial/Required:  2.37, Required:    400.0, Partial:   947.11, Net: _14162_, Pin: _16630_/A0, Layer: met1
Partial/Required:  2.34, Required:    400.0, Partial:   937.96, Net: _06625_, Pin: _21034_/A2, Layer: met3
Partial/Required:  2.28, Required:    400.0, Partial:    910.6, Net: rvcpu.dp.SrcBFW_Mux.y\[18\], Pin: _31460_/D, Layer: met3
Partial/Required:  2.24, Required:    400.0, Partial:   895.49, Net: _09584_, Pin: _22434_/B, Layer: met4
Partial/Required:  2.18, Required:    400.0, Partial:    870.4, Net: _06682_, Pin: _20611_/A2, Layer: met3
Partial/Required:  2.11, Required:    400.0, Partial:   844.74, Net: _09386_, Pin: _22222_/A3, Layer: met3
Partial/Required:  2.09, Required:    400.0, Partial:   834.16, Net: rvcpu.dp.plde.ImmExtE\[2\], Pin: _18009_/B, Layer: met3
Partial/Required:  1.96, Required:    400.0, Partial:   785.39, Net: _08405_, Pin: _21117_/B1, Layer: met3
Partial/Required:  1.96, Required:    400.0, Partial:   783.52, Net: _06949_, Pin: _20798_/A2, Layer: met2
Partial/Required:  1.93, Required:    400.0, Partial:   773.06, Net: _14149_, Pin: _17094_/A0, Layer: met2
Partial/Required:  1.86, Required:    400.0, Partial:    745.9, Net: _07019_, Pin: _26999_/A, Layer: met3
Partial/Required:  1.86, Required:    400.0, Partial:    745.9, Net: _07019_, Pin: _24437_/A, Layer: met3
Partial/Required:  1.86, Required:    400.0, Partial:   743.89, Net: rvcpu.dp.plde.ImmExtE\[11\], Pin: _19104_/A1, Layer: met2
Partial/Required:  1.84, Required:    400.0, Partial:   737.23, Net: _06769_, Pin: _20208_/C1, Layer: met3
Partial/Required:  1.84, Required:    400.0, Partial:   736.33, Net: _14164_, Pin: _17245_/A0, Layer: met1
Partial/Required:  1.84, Required:    400.0, Partial:   734.51, Net: _06851_, Pin: _19556_/C1, Layer: met3
Partial/Required:  1.71, Required:    400.0, Partial:   683.38, Net: _06953_, Pin: _21089_/B1, Layer: met3
Partial/Required:  1.65, Required:    400.0, Partial:    660.7, Net: net1269, Pin: _31538_/D, Layer: met3
Partial/Required:  1.62, Required:    400.0, Partial:   647.24, Net: _08898_, Pin: _21650_/D, Layer: met3
Partial/Required:  1.61, Required:    400.0, Partial:   643.17, Net: _09724_, Pin: _22572_/D, Layer: met3
Partial/Required:  1.57, Required:    400.0, Partial:   629.56, Net: _08553_, Pin: _21292_/A, Layer: met3
Partial/Required:  1.56, Required:    400.0, Partial:   625.89, Net: _14135_, Pin: _17148_/A0, Layer: met1
Partial/Required:  1.55, Required:    400.0, Partial:   618.86, Net: _06966_, Pin: _20711_/A2, Layer: met3
Partial/Required:  1.52, Required:    400.0, Partial:   608.56, Net: rvcpu.dp.plde.ImmExtE\[3\], Pin: _19042_/A1, Layer: met1
Partial/Required:  1.50, Required:    400.0, Partial:   600.51, Net: datamem.data_ram\[52\]\[27\], Pin: _21233_/A, Layer: met3
Partial/Required:  1.50, Required:    400.0, Partial:   600.39, Net: _13220_, Pin: _15596_/A1, Layer: met2
Partial/Required:  1.50, Required:    400.0, Partial:    600.0, Net: rvcpu.dp.plde.ImmExtE\[15\], Pin: _19136_/A1, Layer: met2
Partial/Required:  1.48, Required:    400.0, Partial:   591.11, Net: _09612_, Pin: _22454_/D, Layer: met3
Partial/Required:  1.46, Required:    400.0, Partial:   585.57, Net: _06661_, Pin: _20662_/A2, Layer: met3
Partial/Required:  1.45, Required:    400.0, Partial:   581.83, Net: _01135_, Pin: _29400_/D, Layer: met2
Partial/Required:  1.45, Required:    400.0, Partial:   580.06, Net: _06652_, Pin: _20956_/S, Layer: met3
Partial/Required:  1.44, Required:    400.0, Partial:   577.52, Net: _08804_, Pin: _21552_/B, Layer: met4
Partial/Required:  1.42, Required:    400.0, Partial:   568.57, Net: _06731_, Pin: _19438_/B1, Layer: met3
Partial/Required:  1.42, Required:    400.0, Partial:    568.2, Net: _07461_, Pin: _21223_/A2, Layer: met4
Partial/Required:  1.42, Required:    400.0, Partial:    568.2, Net: _07461_, Pin: _21194_/B1, Layer: met4
Partial/Required:  1.42, Required:    400.0, Partial:    568.2, Net: _07461_, Pin: _20213_/A3, Layer: met4
Partial/Required:  1.42, Required:    400.0, Partial:   567.24, Net: _10325_, Pin: _26776_/A, Layer: met3
Partial/Required:  1.42, Required:    400.0, Partial:   567.24, Net: _10325_, Pin: _27022_/A, Layer: met3
Partial/Required:  1.41, Required:    400.0, Partial:   564.47, Net: rvcpu.dp.plfd.InstrD\[18\], Pin: _21553_/A, Layer: met2
Partial/Required:  1.41, Required:    400.0, Partial:   562.83, Net: _01051_, Pin: _29316_/D, Layer: met2
Partial/Required:  1.39, Required:    400.0, Partial:   554.62, Net: _13222_, Pin: _15681_/A, Layer: met3
Partial/Required:  1.39, Required:    400.0, Partial:   554.62, Net: _13222_, Pin: _17308_/A1, Layer: met3
Partial/Required:  1.38, Required:    400.0, Partial:   551.56, Net: _14170_, Pin: _16706_/A0, Layer: met1
Partial/Required:  1.37, Required:    400.0, Partial:   548.56, Net: _09047_, Pin: _21816_/B, Layer: met1
Partial/Required:  1.33, Required:    400.0, Partial:   532.15, Net: _13201_, Pin: _17565_/A0, Layer: met3
Partial/Required:  1.33, Required:    400.0, Partial:   532.15, Net: _13201_, Pin: _17701_/A0, Layer: met3
Partial/Required:  1.33, Required:    400.0, Partial:   532.15, Net: _13201_, Pin: _17497_/A0, Layer: met3
Partial/Required:  1.33, Required:    400.0, Partial:   531.39, Net: _07829_, Pin: _20817_/A1, Layer: met3
Partial/Required:  1.32, Required:    400.0, Partial:   528.11, Net: _13197_, Pin: _17291_/A1, Layer: met1
Partial/Required:  1.31, Required:    400.0, Partial:   525.77, Net: _06598_, Pin: _20413_/C1, Layer: met3
Partial/Required:  1.29, Required:    400.0, Partial:   515.94, Net: _08503_, Pin: _21241_/D, Layer: met2
Partial/Required:  1.28, Required:    400.0, Partial:   512.06, Net: _06766_, Pin: _19808_/A2, Layer: met3
Partial/Required:  1.28, Required:    400.0, Partial:   511.68, Net: _14442_, Pin: _16960_/A1, Layer: met3
Partial/Required:  1.28, Required:    400.0, Partial:   511.68, Net: _14442_, Pin: _16277_/A1, Layer: met3
Partial/Required:  1.27, Required:    400.0, Partial:   506.44, Net: _09960_, Pin: _22830_/B, Layer: met1
Partial/Required:  1.27, Required:    400.0, Partial:   506.44, Net: _13195_, Pin: _17493_/A0, Layer: met1
Partial/Required:  1.26, Required:    400.0, Partial:   505.95, Net: _07413_, Pin: _20120_/B1, Layer: met2
Partial/Required:  1.26, Required:    400.0, Partial:   503.85, Net: _06639_, Pin: _20977_/B1, Layer: met3
Partial/Required:  1.25, Required:    400.0, Partial:   498.68, Net: _06919_, Pin: _20016_/A2, Layer: met3
Partial/Required:  1.24, Required:    400.0, Partial:   496.94, Net: _07502_, Pin: _20210_/A3, Layer: met3
Partial/Required:  1.24, Required:    400.0, Partial:   494.61, Net: _01032_, Pin: _29297_/D, Layer: met2
Partial/Required:  1.23, Required:    400.0, Partial:   493.37, Net: _07635_, Pin: _21073_/A1, Layer: met2
Partial/Required:  1.22, Required:   2778.2, Partial:  3390.48, Net: _09584_, Pin: _22434_/B, Layer: met5
Partial/Required:  1.21, Required:    400.0, Partial:   484.14, Net: _08022_, Pin: _20733_/C1, Layer: met3
Partial/Required:  1.20, Required:    400.0, Partial:   480.26, Net: _06783_, Pin: _19789_/B1, Layer: met3
Partial/Required:  1.20, Required:    400.0, Partial:   478.98, Net: _06634_, Pin: _20626_/B1, Layer: met3
Partial/Required:  1.20, Required:    400.0, Partial:   478.98, Net: _06634_, Pin: _19978_/A2, Layer: met3
Partial/Required:  1.20, Required:    400.0, Partial:   478.98, Net: _06634_, Pin: _19937_/A2, Layer: met3
Partial/Required:  1.20, Required:    400.0, Partial:   478.98, Net: _06634_, Pin: _20486_/A2, Layer: met3
Partial/Required:  1.20, Required:    400.0, Partial:   478.64, Net: _06692_, Pin: _19804_/B1, Layer: met3
Partial/Required:  1.20, Required:    400.0, Partial:   478.64, Net: _06692_, Pin: _19766_/A2, Layer: met3
Partial/Required:  1.18, Required:    400.0, Partial:   470.74, Net: _07823_, Pin: _20850_/A1, Layer: met2
Partial/Required:  1.16, Required:    400.0, Partial:   463.73, Net: _06698_, Pin: _19734_/A2, Layer: met1
Partial/Required:  1.16, Required:    400.0, Partial:   463.29, Net: _13307_, Pin: _15321_/A, Layer: met3
Partial/Required:  1.16, Required:    400.0, Partial:   463.29, Net: _13307_, Pin: _14959_/A1, Layer: met3
Partial/Required:  1.16, Required:    400.0, Partial:   463.29, Net: rvcpu.dp.plem.ALUResultM\[13\], Pin: _17947_/A, Layer: met3
Partial/Required:  1.16, Required:    400.0, Partial:   463.29, Net: rvcpu.dp.plem.ALUResultM\[13\], Pin: _17848_/A, Layer: met3
Partial/Required:  1.15, Required:    400.0, Partial:    461.5, Net: _01134_, Pin: _29399_/D, Layer: met2
Partial/Required:  1.13, Required:    400.0, Partial:   453.39, Net: _09830_, Pin: _22684_/D, Layer: met2
Partial/Required:  1.13, Required:    400.0, Partial:   452.38, Net: _14145_, Pin: _15756_/A0, Layer: met3
Partial/Required:  1.13, Required:    400.0, Partial:   452.38, Net: _14145_, Pin: _15663_/A0, Layer: met3
Partial/Required:  1.13, Required:    400.0, Partial:   452.19, Net: _01044_, Pin: _29309_/D, Layer: met3
Partial/Required:  1.13, Required:    400.0, Partial:   451.33, Net: _06384_, Pin: _19057_/A0, Layer: met1
Partial/Required:  1.13, Required:    400.0, Partial:   451.17, Net: _07840_, Pin: _20910_/B1, Layer: met2
Partial/Required:  1.13, Required:    400.0, Partial:    450.5, Net: _14143_, Pin: _16611_/A0, Layer: met3
Partial/Required:  1.13, Required:    400.0, Partial:    450.5, Net: _14143_, Pin: _16542_/A0, Layer: met3
Partial/Required:  1.13, Required:    400.0, Partial:    450.5, Net: _14143_, Pin: _16679_/A0, Layer: met3
Partial/Required:  1.12, Required:    400.0, Partial:   448.63, Net: _09776_, Pin: _22627_/D, Layer: met3
Partial/Required:  1.11, Required:    400.0, Partial:   444.17, Net: _08884_, Pin: _21636_/B, Layer: met2
Partial/Required:  1.11, Required:    400.0, Partial:   442.44, Net: _06649_, Pin: _20840_/A2, Layer: met3
Partial/Required:  1.10, Required:    400.0, Partial:   439.53, Net: _13360_, Pin: _15402_/C1, Layer: met3
Partial/Required:  1.10, Required:    400.0, Partial:    439.3, Net: _14145_, Pin: _17090_/A0, Layer: met3
Partial/Required:  1.10, Required:    400.0, Partial:    439.3, Net: _14145_, Pin: _17158_/A0, Layer: met3
Partial/Required:  1.10, Required:    400.0, Partial:   438.73, Net: _13238_, Pin: _17522_/A0, Layer: met3
Partial/Required:  1.09, Required:    400.0, Partial:   435.33, Net: _14183_, Pin: _16582_/A0, Layer: met1
Partial/Required:  1.09, Required:    400.0, Partial:   434.31, Net: net14, Pin: output14/A, Layer: met2
Partial/Required:  1.09, Required:    400.0, Partial:   434.27, Net: _07836_, Pin: _20914_/S, Layer: met3
Partial/Required:  1.09, Required:    400.0, Partial:   434.27, Net: _07836_, Pin: _20911_/S, Layer: met3
Partial/Required:  1.09, Required:    400.0, Partial:   434.27, Net: _07836_, Pin: _20743_/B1, Layer: met3
Partial/Required:  1.07, Required:    400.0, Partial:   428.42, Net: _07838_, Pin: _21030_/B1, Layer: met3
Partial/Required:  1.07, Required:    400.0, Partial:   428.42, Net: _07838_, Pin: _21040_/A, Layer: met3
Partial/Required:  1.06, Required:    400.0, Partial:   425.27, Net: _09780_, Pin: _22632_/B, Layer: met3
Partial/Required:  1.06, Required:    400.0, Partial:   424.66, Net: _13993_, Pin: _15472_/B1, Layer: met3
Partial/Required:  1.06, Required:    400.0, Partial:   424.27, Net: _06598_, Pin: _21171_/B1, Layer: met3
Partial/Required:  1.06, Required:    400.0, Partial:   424.27, Net: _06598_, Pin: _20060_/C1, Layer: met3
Partial/Required:  1.06, Required:    400.0, Partial:   424.27, Net: _06598_, Pin: _21144_/C1, Layer: met3
Partial/Required:  1.06, Required:    400.0, Partial:   422.14, Net: _14139_, Pin: _16538_/A0, Layer: met3
Partial/Required:  1.06, Required:    400.0, Partial:   422.14, Net: _14139_, Pin: _16607_/A0, Layer: met3
Partial/Required:  1.06, Required:    400.0, Partial:   422.14, Net: _14139_, Pin: _16675_/A0, Layer: met3
Partial/Required:  1.05, Required:    400.0, Partial:   421.41, Net: _07862_, Pin: _21048_/B2, Layer: met1
Partial/Required:  1.05, Required:   2778.2, Partial:  2917.33, Net: _09768_, Pin: _22627_/B, Layer: met5
Partial/Required:  1.05, Required:    400.0, Partial:    419.3, Net: _07037_, Pin: _19753_/A2, Layer: met3
Partial/Required:  1.05, Required:    400.0, Partial:    419.3, Net: _07037_, Pin: _19920_/A2, Layer: met3
Partial/Required:  1.05, Required:    400.0, Partial:   419.17, Net: _06613_, Pin: _20286_/A2, Layer: met3
Partial/Required:  1.05, Required:    400.0, Partial:   419.17, Net: _06613_, Pin: _19886_/A2, Layer: met3
Partial/Required:  1.05, Required:    400.0, Partial:   418.61, Net: _06807_, Pin: _20608_/A2, Layer: met2
Partial/Required:  1.04, Required:    400.0, Partial:   415.74, Net: _09149_, Pin: _21916_/A2, Layer: met3
Partial/Required:  1.04, Required:    400.0, Partial:   414.04, Net: _06587_, Pin: _26781_/A, Layer: met3
Partial/Required:  1.04, Required:    400.0, Partial:   414.04, Net: _06587_, Pin: _25671_/A, Layer: met3
Partial/Required:  1.03, Required:    400.0, Partial:   412.11, Net: _13190_, Pin: _16094_/A1, Layer: met1
Partial/Required:  1.03, Required:    400.0, Partial:   411.38, Net: _13509_, Pin: _15314_/B2, Layer: met3
Partial/Required:  1.03, Required:    400.0, Partial:   411.38, Net: _13509_, Pin: _15419_/A3, Layer: met3
Partial/Required:  1.03, Required:    400.0, Partial:   410.95, Net: _07872_, Pin: _21146_/B1, Layer: met2
Partial/Required:  1.02, Required:    400.0, Partial:   407.07, Net: _06776_, Pin: _19927_/C1, Layer: met2
Partial/Required:  1.02, Required:    400.0, Partial:   406.44, Net: _14181_, Pin: _17262_/A0, Layer: met1
Partial/Required:  1.01, Required:    400.0, Partial:   405.22, Net: rvcpu.ALUResultE\[5\], Pin: _26391_/B, Layer: met1
Partial/Required:  1.01, Required:    400.0, Partial:   404.11, Net: _06692_, Pin: _20917_/A2, Layer: met3
Partial/Required:  1.01, Required:    400.0, Partial:   404.11, Net: _06692_, Pin: _20289_/A2, Layer: met3
Partial/Required:  1.01, Required:    400.0, Partial:   404.11, Net: _06692_, Pin: _19397_/A2, Layer: met3
Partial/Required:  1.01, Required:    400.0, Partial:   403.37, Net: rvcpu.dp.plem.ALUResultM\[11\], Pin: _18037_/A, Layer: met3
Partial/Required:  1.01, Required:    400.0, Partial:   403.37, Net: rvcpu.dp.plem.ALUResultM\[11\], Pin: _17851_/A0, Layer: met3
Partial/Required:  1.00, Required:   2771.6, Partial:  2777.14, Net: _08724_, Pin: _21473_/A2_N, Layer: met5
