
19. Executing CHECK pass (checking for obvious problems).
Checking module pl_riscv_cpu...
Checking module $paramod\reset_ff\WIDTH=s32'00000000000000000000000000100000...
Checking module pl_reg_fd...
Checking module reg_file...
Checking module imm_extend...
Checking module pl_reg_de...
Checking module adder...
Checking module $paramod\mux3\WIDTH=s32'00000000000000000000000000100000...
Checking module alu...
Checking module $paramod\adder\WIDTH=s32'00000000000000000000000000100000...
Checking module $paramod\mux2\WIDTH=s32'00000000000000000000000000100000...
Checking module branching_unit...
Checking module pl_reg_em...
Checking module pl_reg_mw...
Checking module $paramod\mux4\WIDTH=s32'00000000000000000000000000100000...
Checking module hazard_unit...
Checking module main_decoder...
Checking module alu_decoder...
Checking module controller...
Checking module datapath...
Checking module riscv_cpu...
Checking module instr_mem...
Checking module data_mem...
Found and reported 0 problems.
